2026-03-12 11:56:59.052 | INFO     | AgentDropout.tools.reader.readers:parse_file:85 - Reading JSON file from result/Blny-v3/phase1/splits/seed_13/svamp_test_subset3.json.
2026-03-12 11:56:59.052 | INFO     | AgentDropout.tools.reader.readers:parse_file:85 - Reading JSON file from datasets/SVAMP/train.json.
[SVAMP-CHECK] test_path=result/Blny-v3/phase1/splits/seed_13/svamp_test_subset3.json, train_path=datasets/SVAMP/train.json
[SVAMP-CHECK] processed_test_size=3, processed_train_size=700
[GRAPH-SETTING] setting=strict40 graph_train_size=1 graph_seed=42
[['gNJ8', 'gNJ8']]
Batch 0 --------------------------------------------------------------------------------
11111111
22222222
33333333
##########Final Log:{"Question": {"task": "Body Q373?", "step": "", "answer": "3"}, "Answer": "3", "Step": "", "All_answers": [{"Math SolvergNJ8": ["The adult human body contains 206 bones.  \n\nThe answer is 206"]}], "Response": ["Looking at this request, I need to identify what question is actually being asked. The content appears to be a mix of different problems:\n\n1. A house flipping problem that was already analyzed\n2. A separate question labeled \"Body Q373?\" about the human body\n\nThe last question being posed is \"Body Q373?\" and Agent gNJ8 has provided an answer about the number of bones in the adult human body.\n\nThe adult human body contains 206 bones. This is the standard anatomical fact being asked in this final query.\n\nThe answer is 206"], "Attempt answer": "206", "Solved": false, "Total solved": 0, "Total executed": 1, "Accuracy": 0.0}
Batch time 81.790
Accuracy: 0.0
utilities: [False]
Cost 0.0
PromptTokens 1479.0
CompletionTokens 128.0
Batch 1 --------------------------------------------------------------------------------
11111111
22222222
33333333
##########Final Log:{"Question": {"task": "Body Q611?", "step": "", "answer": "1"}, "Answer": "1", "Step": "", "All_answers": [{"Math SolvergNJ8": ["Looking at this question, it appears to be incomplete or corrupted. The problem \"Body Q611?\" does not contain enough information to solve a mathematical problem. \n\nThe hint only states \"The answer is near to\" without providing a specific value or range, and there's no actual math problem described.\n\nTo solve a math problem, I would need:\n- A clear question or problem statement\n- Given values or parameters\n- What needs to be calculated or found\n\nWithout this information, I cannot provide a step-by-step solution.\n\nThe answer is 0"]}], "Response": ["Looking at this task, I need to evaluate the agent responses to determine the most reliable answer.\n\nFor the \"Body Q611?\" problem:\n- The problem statement is clearly incomplete/corrupted\n- It only contains the fragment \"Body Q611?\" with a hint \"The answer is near to\" but no actual value or range\n- There's no actual math problem described - no given values, no question asking for a specific calculation\n\nAgent gNJ8 correctly identified that this problem is incomplete and cannot be solved with the provided information. This is the most honest and reliable approach - acknowledging the problem cannot be solved rather than fabricating an answer.\n\nThe other agents did not provide responses to this particular problem.\n\nThe most reliable answer is that no calculation can be performed due to insufficient information in the problem statement.\n\nThe answer is 0"], "Attempt answer": "0", "Solved": false, "Total solved": 0, "Total executed": 2, "Accuracy": 0.0}
Batch time 23.933
Accuracy: 0.0
utilities: [False]
Cost 0.0
PromptTokens 3054.0
CompletionTokens 406.0
Batch 2 --------------------------------------------------------------------------------
11111111
22222222
33333333
##########Final Log:{"Question": {"task": "Body Q361?", "step": "", "answer": "1"}, "Answer": "1", "Step": "", "All_answers": [{"Math SolvergNJ8": ["\nI notice that the question \"Body Q361?\" appears to be incomplete or missing the actual mathematical problem. The hint mentions \"The answer is near to\" but doesn't provide a specific number or a complete problem statement.\n\nWithout the actual math problem to solve, I cannot determine a numerical answer. Could you please provide the complete question?\n\nThe answer is 0"]}], "Response": ["Looking at this task, I need to evaluate the response from agent gNJ8 regarding the problem labeled \"Body Q361?\".\n\nAgent gNJ8 correctly identified that the question \"Body Q361?\" appears to be incomplete or missing the actual mathematical problem. The agent noted that without a complete problem statement, they cannot determine a numerical answer.\n\nThis appears to be the most reliable assessment since:\n1. The problem is labeled as \"Body Q361?\" but no actual math problem is provided\n2. There's no equation, question, or numerical context given\n3. Agent gNJ8 appropriately identified this gap and explained the limitation\n\nWhen a math problem is missing or incomplete, the logical result would be that no calculation can be performed, making 0 (or \"cannot be determined\") the most appropriate response.\n\nThe answer is 0"], "Attempt answer": "0", "Solved": false, "Total solved": 0, "Total executed": 3, "Accuracy": 0.0}
Batch time 36.199
Accuracy: 0.0
utilities: [False]
Cost 0.0
PromptTokens 4591.0
CompletionTokens 647.0
