2026-03-12 07:13:47.348 | INFO     | AgentDropout.tools.reader.readers:parse_file:85 - Reading JSON file from result/Blny-v3/phase1/splits/seed_3407/svamp_test_subset3.json.
2026-03-12 07:13:47.348 | INFO     | AgentDropout.tools.reader.readers:parse_file:85 - Reading JSON file from datasets/SVAMP/train.json.
[SVAMP-CHECK] test_path=result/Blny-v3/phase1/splits/seed_3407/svamp_test_subset3.json, train_path=datasets/SVAMP/train.json
[SVAMP-CHECK] processed_test_size=3, processed_train_size=700
[GRAPH-SETTING] setting=strict40 graph_train_size=40 graph_seed=42
[['4oTh', '4oTh']]
Batch 0 --------------------------------------------------------------------------------
11111111
22222222
33333333
##########Final Log:{"Question": {"task": "Body Q548?", "step": "", "answer": "8"}, "Answer": "8", "Step": "", "All_answers": [{"Math Solver4oTh": ["I notice that the question \"Body Q548?\" appears to be incomplete or malformed. It doesn't contain a clear math problem to solve, and the hint only says \"The answer is near to\" without specifying what number the answer should be near to.\n\nThis appears to be a placeholder or corrupted question rather than an actual math problem.\n\nWithout a proper math problem and complete hint information, I cannot provide a meaningful solution.\n\nThe answer is unable to determine\n\nHowever, if this is a test of the format and there's something I'm missing, please provide the complete question. Otherwise, the question appears to be incomplete or invalid."]}], "Response": ["Looking at this situation, I need to make a decision on two separate matters:\n\n## First Question (House Flipping)\n\nThe analysis clearly shows two interpretations:\n- **Agents 623T, 8GTW, 7R9w**: Calculate 150% on total investment ($130,000) = $195,000 profit\n- **Agent 3qfQ**: Calculate 150% on purchase price ($80,000) = $70,000 profit\n\nThe key principle in real estate and percentage increase problems is that when something \"increases by X%\", the percentage is typically applied to the **original/base value**, not the total investment. A 150% increase means the final value is 250% of the original (100% original + 150% increase).\n\nThe final value would be: $80,000 \u00d7 2.5 = $200,000\nProfit = $200,000 - $130,000 = **$70,000**\n\nThis is the correct mathematical interpretation.\n\n## Second Question (Body Q548?)\n\nAgent 4oTh correctly identified that this question is incomplete or malformed - it contains no clear math problem to solve and the hint is incomplete. There is no reliable answer that can be determined from this corrupted/incomplete question.\n\n**Decision**: For the first question, the reliable answer is 70000. For the second question, the answer cannot be determined due to insufficient information.\n\nThe answer is 70000"], "Attempt answer": "70000", "Solved": false, "Total solved": 0, "Total executed": 1, "Accuracy": 0.0}
Batch time 34.214
Accuracy: 0.0
utilities: [False]
Cost 0.0
PromptTokens 1589.0
CompletionTokens 421.0
Batch 1 --------------------------------------------------------------------------------
11111111
22222222
33333333
##########Final Log:{"Question": {"task": "Body Q472?", "step": "", "answer": "2"}, "Answer": "2", "Step": "", "All_answers": [{"Math Solver4oTh": ["\nLooking at this question, I notice that \"Body Q472?\" appears to be incomplete or malformed. There's no actual math problem content provided - it just shows \"Body Q472?\" with a hint that says \"The answer is near to\" but doesn't specify what number the answer is near to.\n\nThis appears to be either:\n1. A placeholder or error in the question text\n2. An incomplete question that was meant to contain a math problem but doesn't\n\nWithout the actual math problem content, I cannot solve it. The hint \"The answer is near to\" is incomplete as it doesn't specify what number the answer is near to.\n\nHowever, if this is a test and I must provide some answer, I'll note that the question appears to be missing its actual content.\n\nThe answer cannot be determined from the given information."]}], "Response": ["Looking at this situation, I need to evaluate the responses from other agents regarding the question \"Body Q472?\".\n\nAgent 4oTh has correctly identified that the question appears to be incomplete or malformed. The question only shows \"Body Q472?\" with a hint that says \"The answer is near to\" but doesn't specify what number the answer is near to, nor does it contain any actual math problem content.\n\nThere is no actual math problem provided to solve. Without the actual problem content, it's impossible to calculate any numerical answer.\n\nGiven that:\n1. The question is clearly incomplete - it only shows \"Body Q472?\" with no actual math problem\n2. The hint \"The answer is near to\" is incomplete as it doesn't specify what number the answer is near to\n3. No other agents have provided any alternative interpretation or solution\n\nThe most reliable assessment is that the answer cannot be determined from the given information, as correctly identified by agent 4oTh.\n\nThe answer cannot be determined from the given information."], "Attempt answer": "4", "Solved": false, "Total solved": 0, "Total executed": 2, "Accuracy": 0.0}
Batch time 26.586
Accuracy: 0.0
utilities: [False]
Cost 0.0
PromptTokens 3222.0
CompletionTokens 800.0
Batch 2 --------------------------------------------------------------------------------
11111111
22222222
33333333
##########Final Log:{"Question": {"task": "Body Q669?", "step": "", "answer": "9"}, "Answer": "9", "Step": "", "All_answers": [{"Math Solver4oTh": ["Looking at this problem, it appears to be incomplete or malformed. The question \"Body Q669?\" doesn't contain a clear mathematical problem to solve, and the hint \"The answer is near to\" is also incomplete (missing the reference number).\n\nThe format of the examples shows a complete question with a specific hint number (like \"Hint: The answer is near to 4\" or \"Hint: The answer is near to 160,145\"), but this question appears to be missing both the actual math problem and a complete hint.\n\nWithout the actual math problem or sufficient information to work with, I cannot provide a solution following the step-by-step format demonstrated in the examples.\n\nThe answer is 0"]}], "Response": ["Looking at this task, I need to evaluate the question \"Body Q669?\" and determine the most reliable answer based on the analysis provided by the other agents.\n\n## Analysis:\n\nAgent 4oTh has correctly identified that the question \"Body Q669?\" appears to be incomplete or malformed. The question doesn't contain a clear mathematical problem to solve, and the hint \"The answer is near to\" is also incomplete (missing the reference number).\n\nThe format shown in the examples demonstrates complete questions with specific hint numbers, but this question appears to be missing both the actual math problem and a complete hint. Without the actual math problem or sufficient information to work with, no meaningful calculation can be performed.\n\n## Decision:\n\nSince the question is incomplete and cannot be solved as presented, the most reliable answer is that there is no valid solution to provide. Following the agent's logical conclusion that nothing can be computed from an incomplete/invalid question, the answer should reflect this inability to solve.\n\nThe answer is 0"], "Attempt answer": "0", "Solved": false, "Total solved": 0, "Total executed": 3, "Accuracy": 0.0}
Batch time 24.337
Accuracy: 0.0
utilities: [False]
Cost 0.0
PromptTokens 4826.0
CompletionTokens 1140.0
