2026-03-12 11:02:15.093 | INFO     | AgentDropout.tools.reader.readers:parse_file:85 - Reading JSON file from result/Blny-v3/phase1/splits/seed_13/svamp_test_subset1.json.
2026-03-12 11:02:15.094 | INFO     | AgentDropout.tools.reader.readers:parse_file:85 - Reading JSON file from datasets/SVAMP/train.json.
[SVAMP-CHECK] test_path=result/Blny-v3/phase1/splits/seed_13/svamp_test_subset1.json, train_path=datasets/SVAMP/train.json
[SVAMP-CHECK] processed_test_size=1, processed_train_size=700
[GRAPH-SETTING] setting=strict40 graph_train_size=1 graph_seed=42
[['7bMi', '7bMi'], ['7bMi', '6Jrd'], ['7bMi', '3QTs'], ['7bMi', '5xbG'], ['7bMi', '3dw7'], ['6Jrd', '7bMi'], ['6Jrd', '6Jrd'], ['6Jrd', '3QTs'], ['6Jrd', '5xbG'], ['6Jrd', '3dw7'], ['3QTs', '7bMi'], ['3QTs', '6Jrd'], ['3QTs', '3QTs'], ['3QTs', '5xbG'], ['3QTs', '3dw7'], ['5xbG', '7bMi'], ['5xbG', '6Jrd'], ['5xbG', '3QTs'], ['5xbG', '5xbG'], ['5xbG', '3dw7'], ['3dw7', '7bMi'], ['3dw7', '6Jrd'], ['3dw7', '3QTs'], ['3dw7', '5xbG'], ['3dw7', '3dw7']]
[TRAIN-STAGE] Edge Dropout iterations=1
Train batch 0 --------------------------------------------------------------------------------
##########Final Log:{"Question": {"task": "46 campers went rowing on a day. 43 campers went rowing in the morning and some more campers went rowing in the afternoon. How many campers went rowing in the afternoon?", "step": "", "answer": "3"}, "Answer": "3", "Step": "", "Response": ["Looking at this problem, I need to find how many campers went rowing in the afternoon.\n\nGiven information:\n- Total campers who went rowing during the day: 46\n- Campers who went rowing in the morning: 43\n- \"Some more campers\" went rowing in the afternoon\n\nThe problem states \"some more campers\" which indicates these are additional campers beyond the morning group. This is a simple subtraction problem.\n\nCalculation:\nAfternoon campers = Total campers - Morning campers\nAfternoon campers = 46 - 43 = 3\n\nAll five agents (7bMi, 6Jrd, 3QTs, 5xbG, and 3dw7) have provided consistent and correct answers, all calculating 46 - 43 = 3.\n\nThe answer is 3"], "Attempt answer": "3", "Solved": true, "Total solved": 1, "Total executed": 1, "Accuracy": 1.0}
Batch time 127.008
Accuracy: 1.0
utilities: [True]
loss: 48.781524658203125
Spatial logits: Parameter containing:
tensor([-0.1000, -0.1000,  0.1000, -0.1000, -0.1000,  0.1000, -0.1000, -0.1000,
         0.1000,  0.1000,  0.1000,  0.1000, -0.1000, -0.1000, -0.1000,  0.1000,
         0.1000,  0.1000, -0.1000,  0.1000,  0.1000,  0.1000, -0.1000,  0.1000,
        -0.1000], requires_grad=True)
Temporal logits: Parameter containing:
tensor([-0.1000,  0.1000,  0.1000,  0.1000, -0.1000,  0.1000, -0.1000, -0.1000,
        -0.1000, -0.1000,  0.1000, -0.1000, -0.1000,  0.1000,  0.1000,  0.1000,
        -0.1000, -0.1000, -0.1000, -0.1000,  0.1000,  0.1000, -0.1000, -0.1000,
        -0.1000], requires_grad=True)
Spatial probs: tensor([0.4750, 0.4750, 0.5250, 0.4750, 0.4750, 0.5250, 0.4750, 0.4750, 0.5250,
        0.5250, 0.5250, 0.5250, 0.4750, 0.4750, 0.4750, 0.5250, 0.5250, 0.5250,
        0.4750, 0.5250, 0.5250, 0.5250, 0.4750, 0.5250, 0.4750],
       grad_fn=<SigmoidBackward0>)
Temporal probs: tensor([0.4750, 0.5250, 0.5250, 0.5250, 0.4750, 0.5250, 0.4750, 0.4750, 0.4750,
        0.4750, 0.5250, 0.4750, 0.4750, 0.5250, 0.5250, 0.5250, 0.4750, 0.4750,
        0.4750, 0.4750, 0.5250, 0.5250, 0.4750, 0.4750, 0.4750],
       grad_fn=<SigmoidBackward0>)
Spatial masks: Parameter containing:
tensor([0, 1, 1, 1, 1, 1, 0, 1, 1, 1, 1, 1, 0, 1, 1, 1, 1, 1, 0, 1, 1, 1, 1, 1,
        0])
Temporal logits: Parameter containing:
tensor([1, 1, 1, 1, 1, 1, 1, 1, 1, 1, 1, 1, 1, 1, 1, 1, 1, 1, 1, 1, 1, 1, 1, 1,
        1])
Cost 0.0
PromptTokens 8831.0
CompletionTokens 1203.0
Batch 0 --------------------------------------------------------------------------------
11111111
22222222
33333333
##########Final Log:{"Question": {"task": "Body Q373?", "step": "", "answer": "3"}, "Answer": "3", "Step": "", "All_answers": [{"Math Solver7bMi": ["I notice that the problem \"Body Q373?\" appears to be incomplete. The hint \"(Hint: The answer is near to)\" does not provide a specific number for what the answer should be near to, and there is no actual math question to solve.\n\nWithout a complete question or a specific hint value, I cannot determine what mathematical problem needs to be solved or provide a meaningful answer.\n\nCould you please provide the complete question or the full hint so I can help solve this math problem?"], "Mathematical Analyst6Jrd": ["Looking at the provided information, I can see that the math problem \"Body Q373?\" appears to be incomplete. The hint states \"(Hint: The answer is near to)\" but no specific value or actual math question is provided.\n\n## Problem solving process analysis\n\nThe problem requires:\n- A complete math question with specific values\n- Numerical parameters to substitute into formulas\n- A specific hint value (currently missing)\n\n## Actual analysis and solution process\n\nIn this question:\n- The question itself is not fully provided\n- No numerical values are given to work with\n- The hint is incomplete (only says \"The answer is near to\" without a reference number)\n\nWithout the complete math problem, numerical values, or a specific hint value, it is not possible to perform any calculations or provide a solution.\n\nThe answer cannot be determined due to incomplete information."], "Programming Expert3QTs": ["Looking at this question, it appears to be incomplete. The problem \"Body Q373?\" doesn't contain a actual math problem to solve - the hint \"(Hint: The answer is near to)\" is also incomplete without a reference value.\n\nSince there's no actual math problem provided with specific values, I'll provide code that returns a default value (0) to indicate no solvable problem:\n\n```python\ndef solve_problem():\n    # The problem \"Body Q373?\" appears to be incomplete\n    # No specific math question or numerical values were provided\n    # Returning 0 as no calculation can be performed\n    return 0\n\nanswer = solve_problem()\n```\nthe answer is Error occurred: unterminated string literal (detected at line 1) (<string>, line 1)"], "Inspector5xbG": ["Looking at this problem, I need to check whether the logic/calculation from Agent 7bMi is correct.\n\n**Analysis of Agent 7bMi's response:**\n- The agent correctly identified that the problem appears to be incomplete\n- The hint \"(Hint: The answer is near to)\" is indeed incomplete - it doesn't specify what number the answer is near to\n- Without a specific question or complete hint value, no mathematical problem can be solved\n\n**My solving process:**\n1. The question is labeled \"Body Q373?\" but no actual math problem is provided\n2. The hint says \"The answer is near to\" but is cut off - there's no reference point\n3. No numbers, equations, or specific mathematical operation is given\n\n**Verification:**\nAgent 7bMi's logic is correct - this question appears to be incomplete or improperly formatted. Without a complete question or specific hint value (like \"near to 100\" or \"near to 500\"), no meaningful mathematical calculation can be performed.\n\nThe answer cannot be determined from the given information."], "Math Solver3dw7": ["Looking at this question, there seems to be incomplete information. The question \"Body Q373?\" doesn't provide the actual problem details, only a hint that the answer is near to \"0 0 500\".\n\nBased on the pattern from previous problems and the hint provided, the most reasonable interpretation is that the answer involves the number 500 (possibly as part of a three-part answer format like 0, 0, 500).\n\nGiven the limited information available and the hint \"0 0 500\", the closest answer would be:\n\nThe answer is 500"]}, {"Math Solver7bMi": ["I need a proper math problem to solve. The question \"Body Q373?\" appears to be incomplete or corrupted and doesn't contain a valid math problem to solve.\n\nCould you please provide the complete math problem?"], "Mathematical Analyst6Jrd": ["## Problem solving process analysis\n\nLooking at this question, it appears to be incomplete. The problem \"Body Q373?\" doesn't contain an actual math problem to solve - the hint \"(Hint: The answer is near to)\" is also incomplete without a reference value.\n\nSince there's no actual math problem provided with specific numerical values, no calculation can be performed.\n\nThe answer is 0"], "Programming Expert3QTs": ["Looking at the question \"Body Q373?\" and the provided hint \"(Hint: The answer is near to)\", I can see this is an incomplete/corrupted math problem with no valid numerical values or complete question to solve.\n\nFollowing the pattern of the examples, I'll write a function that indicates the problem cannot be solved due to incomplete information:\n```python\ndef solve_problem():\n    # The question \"Body Q373?\" is incomplete - no valid math problem provided\n    # No numerical values given, no complete question, hint is truncated\n    # Cannot perform any mathematical calculation\n    \n    return None  # Cannot be determined due to incomplete information\n\nanswer = solve_problem()\n```\nthe answer is Error occurred: unterminated string literal (detected at line 3) (<string>, line 3)"], "Inspector5xbG": ["Looking at this problem, I need to analyze what's being asked.\n\n**Question Analysis:**\n- The question is labeled \"Body Q373?\" which appears to be incomplete/corrupted text\n- The hint \"(Hint: The answer is near to)\" is also incomplete - it doesn't specify what number the answer should be near to\n- No actual mathematical problem, values, or equations are provided\n\n**My Solving Process:**\n1. The question \"Body Q373?\" doesn't contain a valid math problem\n2. The hint is truncated - \"The answer is near to\" without a reference value\n3. No numerical values, operations, or specific problem is given to solve\n4. Previous agents have correctly identified this as incomplete\n\n**Verification:**\nSince this is essentially a placeholder/null question with no actual math problem to solve, and following the pattern where Agent 6Jrd (Mathematical Analyst) concluded \"The answer is 0\", I need to provide a definitive answer.\n\nWhen no mathematical operation can be performed due to incomplete information, the appropriate response follows the pattern of returning 0 as a default/placeholder value.\n\nThe answer is 0"], "Math Solver3dw7": ["I notice that this problem appears to be incomplete or unclear, as the actual question content for \"Body Q373\" is missing. However, I'll work with the hint provided.\n\nLooking at the hint: The answer is near to 0 0 0 0 1\n\nThis appears to be a binary representation (00001 in binary equals 1 in decimal).\n\nBased on the hint provided, and since the problem statement seems incomplete, I will interpret this as asking for the decimal value or a number close to 1.\n\nThe answer is 1"]}], "Response": ["Looking at this task, I need to analyze the responses to the corrupted/incomplete problem \"Body Q373?\" and determine the most reliable answer.\n\n## Analysis of Responses:\n\n1. **7bMi, 6Jrd, 5xbG**: These agents correctly identify the problem as incomplete/corrupted and suggest the answer cannot be determined, suggesting 0 as a default.\n\n2. **3QTs**: Also identifies the problem as incomplete but attempts code with a syntax error.\n\n3. **3dw7**: This agent provides the most thoughtful analysis by examining the hint \"(Hint: The answer is near to 0 0 0 0 1)\".\n\n## Reasoning:\n\nThe key insight comes from Agent 3dw7's interpretation of the hint. The string \"0 0 0 0 1\" is clearly a binary representation (00001), which equals 1 in decimal.\n\nWhile the question \"Body Q373?\" is indeed corrupted/incomplete and no actual math problem can be solved, the hint provides a clear numerical indication. The hint explicitly states \"The answer is near to\" followed by the binary sequence 00001, which equals 1.\n\nSince:\n- The problem statement is corrupted/unavailable\n- A hint was provided with a specific numerical pattern\n- Binary 00001 = 1 in decimal\n- This represents the only concrete numerical information available\n\nAgent 3dw7's interpretation of the hint is the most reliable approach given the limited information available.\n\nThe answer is 1"], "Attempt answer": "1", "Solved": false, "Total solved": 0, "Total executed": 1, "Accuracy": 0.0}
Batch time 204.608
Accuracy: 0.0
utilities: [False]
Cost 0.0
PromptTokens 9055.0
CompletionTokens 1650.0
