2026-03-12 07:07:27.368 | INFO     | AgentDropout.tools.reader.readers:parse_file:85 - Reading JSON file from result/Blny-v3/phase1/splits/seed_17/svamp_test_subset3.json.
2026-03-12 07:07:27.368 | INFO     | AgentDropout.tools.reader.readers:parse_file:85 - Reading JSON file from datasets/SVAMP/train.json.
[SVAMP-CHECK] test_path=result/Blny-v3/phase1/splits/seed_17/svamp_test_subset3.json, train_path=datasets/SVAMP/train.json
[SVAMP-CHECK] processed_test_size=3, processed_train_size=700
[GRAPH-SETTING] setting=strict40 graph_train_size=40 graph_seed=42
[['4okz', '4okz']]
Batch 0 --------------------------------------------------------------------------------
11111111
22222222
33333333
##########Final Log:{"Question": {"task": "Body Q550?", "step": "", "answer": "0"}, "Answer": "0", "Step": "", "All_answers": [{"Math Solver4okz": ["I notice that the question \"Body Q550?\" appears to be incomplete or unclear. There's no actual math problem provided with sufficient details to solve.\n\nLooking at the pattern from the previous examples:\n- Problem 1: Had a complete question with answer 4\n- Problem 2: Had a complete question with answer 140\n\nHowever, \"Body Q550?\" doesn't contain enough information to solve. It appears to be either:\n- An incomplete question\n- A reference code without context\n- A truncated problem\n\nCould you please provide the full question? For example, if this is about calculating BMI (Body Mass Index), I would need values for weight and height. If it's another type of problem, please share the complete details.\n\nWithout the complete problem statement, I cannot provide a step-by-step solution. The answer cannot be determined from the given information.\n\nThat said, if we follow the pattern and the hint says \"The answer is near to\" (similar to previous hints that gave numbers like \"4\" and \"160, 145\"), I would need more context to determine what the answer should be near to.\n\nPlease provide the complete question so I can help you solve it properly."]}], "Response": ["Looking at the analysis provided by the other agents, I need to make a decision on this problem.\n\nThe agent 4okz has thoroughly analyzed the query \"Body Q550?\" and correctly identified that it appears to be:\n- An incomplete or unclear question\n- Potentially a reference code without context\n- A truncated problem with insufficient details to solve\n\nThe key points supporting this conclusion:\n1. No actual math problem is provided with sufficient details\n2. Unlike the previous examples (house flipping problem), this query lacks the necessary components to calculate anything\n3. There's no way to determine what \"Body Q550?\" refers to without additional context\n\nAs the decision-maker, I must evaluate which approach is most reliable. Since all available analysis points to insufficient information, and no other agent has provided a different interpretation or a definitive answer, the most reliable conclusion is that this problem cannot be solved with the given information.\n\nThe answer cannot be determined from the given information."], "Attempt answer": "550", "Solved": false, "Total solved": 0, "Total executed": 1, "Accuracy": 0.0}
Batch time 29.402
Accuracy: 0.0
utilities: [False]
Cost 0.0
PromptTokens 1705.0
CompletionTokens 436.0
Batch 1 --------------------------------------------------------------------------------
11111111
22222222
33333333
##########Final Log:{"Question": {"task": "Body Q329?", "step": "", "answer": "9"}, "Answer": "9", "Step": "", "All_answers": [{"Math Solver4okz": ["Looking at this question, I notice that \"Body Q329?\" appears to be incomplete. There's no actual math problem provided - it seems like the problem statement might be missing or corrupted.\n\nThe hint says \"The answer is near to\" but no specific number is given, which makes it impossible to solve.\n\nHowever, looking at the pattern from previous examples where we had complete problems:\n\nFor the first example: The total was 12 hours of study + 3 hours of breaks = 15 hours total, and with 4 hours per day, they needed 4 days.\n\nFor the second example: We calculated 84 + 42 + 14 = 140 items total.\n\nSince I don't have the actual problem content for \"Body Q329\", I cannot provide a mathematical solution. The problem statement appears to be missing or incomplete.\n\nCould you please provide the complete problem for Q329? I'd be happy to work through it step by step once I have the full question.\n\nHowever, if this is somehow a valid question that I should attempt, please provide more details about what \"Body Q329\" refers to."]}], "Response": ["Looking at this situation, I need to address the \"Body Q329?\" problem mentioned in the task.\n\nAs correctly identified by Agent 4okz, the problem statement for \"Body Q329?\" appears to be incomplete or corrupted. There's no actual math problem provided - the text \"Body Q329?\" seems to be a placeholder or reference that wasn't properly included with its corresponding question.\n\nWithout the actual problem content, it's impossible to provide a mathematical solution. The hint says \"The answer is near to\" but no specific number or question is given.\n\nI cannot solve a problem that hasn't been provided. Could you please clarify or provide the complete problem for Q329? Once I have the full question, I'll be happy to work through it step by step.\n\nThe answer cannot be determined from the information provided."], "Attempt answer": "329", "Solved": false, "Total solved": 0, "Total executed": 2, "Accuracy": 0.0}
Batch time 34.366
Accuracy: 0.0
utilities: [False]
Cost 0.0
PromptTokens 3394.0
CompletionTokens 828.0
Batch 2 --------------------------------------------------------------------------------
11111111
22222222
33333333
##########Final Log:{"Question": {"task": "Body Q716?", "step": "", "answer": "6"}, "Answer": "6", "Step": "", "All_answers": [{"Math Solver4okz": ["Looking at this question, I notice that the problem appears to be incomplete or corrupted. The text \"Body Q716?\" appears to be a placeholder or identifier rather than an actual math problem.\n\nThe previous examples in this exercise had complete mathematical problems with specific numerical hints:\n- First problem: Answer was 4\n- Second problem: Answer was 140\n\nHowever, this question only shows \"Q:Body Q716?\" with a hint saying \"(Hint: The answer is near to)\" but no specific number is provided, and there's no actual mathematical problem to solve.\n\nWithout the actual content of the math problem, I cannot determine what calculation to perform. The question appears to be missing its core content - there's no equation, scenario, or problem statement provided.\n\nThe answer cannot be determined from the given information."]}], "Response": ["Looking at this situation, I need to evaluate two different problems:\n\n**For the house-flipping problem (Josh and the $80,000 house):**\n\nAfter reviewing all the agent analyses, I agree with the conclusion that the most reliable interpretation is the one from Agent 3qfQ. The 150% increase should be calculated based on the initial purchase price ($80,000), not the total investment ($130,000). This is because:\n\n1. In real estate, when we talk about value increasing, we refer to the property's market value appreciation, not the sum of costs\n2. The repairs are a cost, not part of the base value that increased\n3. This gives a profit of $70,000, which is a more reasonable and realistic outcome\n\n**For the \"Body Q716?\" problem:**\n\nAgent 4okz correctly identified that this appears to be corrupted or incomplete data. There's no actual mathematical problem to solve - just a placeholder identifier with no equation, scenario, or problem statement. No calculation can be performed.\n\nThe answer is 70000"], "Attempt answer": "70000", "Solved": false, "Total solved": 0, "Total executed": 3, "Accuracy": 0.0}
Batch time 35.530
Accuracy: 0.0
utilities: [False]
Cost 0.0
PromptTokens 5020.0
CompletionTokens 1212.0
