2026-03-12 07:05:37.714 | INFO     | AgentDropout.tools.reader.readers:parse_file:85 - Reading JSON file from result/Blny-v3/phase1/splits/seed_13/svamp_test_subset3.json.
2026-03-12 07:05:37.714 | INFO     | AgentDropout.tools.reader.readers:parse_file:85 - Reading JSON file from datasets/SVAMP/train.json.
[SVAMP-CHECK] test_path=result/Blny-v3/phase1/splits/seed_13/svamp_test_subset3.json, train_path=datasets/SVAMP/train.json
[SVAMP-CHECK] processed_test_size=3, processed_train_size=700
[GRAPH-SETTING] setting=strict40 graph_train_size=40 graph_seed=42
[['7cJy', '7cJy']]
Batch 0 --------------------------------------------------------------------------------
11111111
22222222
33333333
##########Final Log:{"Question": {"task": "Body Q373?", "step": "", "answer": "3"}, "Answer": "3", "Step": "", "All_answers": [{"Math Solver7cJy": ["The problem statement appears to be incomplete \u2013 there is no clear question or numeric details provided for \u201cBody Q373?\u201d. Without the full details of the problem, it isn\u2019t possible to calculate a specific numeric answer.\n\nThe answer cannot be determined."]}], "Response": ["Looking at this task, I need to evaluate the response from Agent 7cJy regarding \"Body Q373?\".\n\nThe problem statement for this task is incomplete - there are no numeric details, no specific question, or any other information provided about what \"Body Q373?\" actually is or what needs to be calculated. \n\nAgent 7cJy correctly identified that the problem statement appears to be incomplete and that without the full details, it isn't possible to calculate a specific numeric answer.\n\nGiven that:\n1. No numeric details or specific question is provided for \"Body Q373?\"\n2. The problem statement is genuinely incomplete\n3. Agent 7cJy's assessment is accurate - the answer cannot be determined with the information provided\n\nThe most reliable answer is that the problem cannot be solved due to insufficient information.\n\nThe answer cannot be determined."], "Attempt answer": "7", "Solved": false, "Total solved": 0, "Total executed": 1, "Accuracy": 0.0}
Batch time 39.596
Accuracy: 0.0
utilities: [False]
Cost 0.0
PromptTokens 1513.0
CompletionTokens 222.0
Batch 1 --------------------------------------------------------------------------------
11111111
22222222
33333333
##########Final Log:{"Question": {"task": "Body Q611?", "step": "", "answer": "1"}, "Answer": "1", "Step": "", "All_answers": [{"Math Solver7cJy": ["I notice that the third question appears to be incomplete or malformed. The question reads \"Q:Body Q611?(Hint: The answer is near to)\" but there's no actual math problem provided - just \"Body Q611?\" which doesn't constitute a solvable math problem.\n\nTo properly solve a math problem, I would need:\n\n1. A complete question with all the necessary information\n2. The specific quantities and relationships described\n3. Clear instructions on what needs to be calculated\n\nWithout these elements, I cannot provide a step-by-step solution.\n\nCould you please provide the complete math problem you'd like me to solve? The answer format would be: \"The answer is [number]\"\n\nThe answer is 0"]}], "Response": ["Looking at this situation, I need to evaluate the agent responses:\n\n1. The first problem about house flipping has been analyzed, with the answer determined to be 70,000 based on the most reliable interpretation.\n\n2. The second question \"Q:Body Q611?\" appears to be genuinely incomplete or malformed - it doesn't contain a actual math problem to solve.\n\nAgent 7cJy correctly identified that this question is incomplete and cannot be solved because:\n- There's no actual math problem provided\n- \"Body Q611?\" doesn't constitute a solvable problem\n- Without complete information, a step-by-step solution is impossible\n\nThis is the appropriate response - recognizing when a problem cannot be solved due to insufficient information is just as important as solving the problem when possible. The answer of 0 is reasonable because there's no computable solution to an incomplete problem.\n\nThe answer is 0"], "Attempt answer": "0", "Solved": false, "Total solved": 0, "Total executed": 2, "Accuracy": 0.0}
Batch time 29.136
Accuracy: 0.0
utilities: [False]
Cost 0.0
PromptTokens 3123.0
CompletionTokens 547.0
Batch 2 --------------------------------------------------------------------------------
11111111
22222222
33333333
##########Final Log:{"Question": {"task": "Body Q361?", "step": "", "answer": "1"}, "Answer": "1", "Step": "", "All_answers": [{"Math Solver7cJy": ["Looking at this problem, I notice that the question \"Body Q361?\" appears to be incomplete or unclear. The hint says \"The answer is near to\" but doesn't provide a specific number or range.\n\nThis seems to be either:\n1. A malformed or incomplete question\n2. A question that requires additional context that wasn't provided\n\nHowever, following the format of the previous examples in this task, let me provide a response based on what's available.\n\nGiven that this appears to be an unclear or incomplete question with the hint only stating \"The answer is near to\" without any specific value, and considering the pattern from the examples:\n\nFrom the examples:\n- First example: hint \"near to 4\" \u2192 answer 4\n- Second example: hint \"near to 160,145\" (possibly meant as range around 140) \u2192 answer 140\n\nSince the question itself is incomplete (just says \"Body Q361?\"), there's no mathematical problem to solve. The hint is incomplete as well.\n\nHowever, following the format and logic of the previous examples, if we interpret this as needing to provide a response in the same style:\n\nThe answer appears to be missing or unclear from the information provided. Without a complete question, I cannot perform any mathematical calculations.\n\nGiven the pattern and that no specific answer can be derived from the incomplete information:\n\nThe answer is 0\n\n(Note: This is based on the inability to solve an incomplete problem, similar to how the examples showed working through clearly stated problems.)"]}], "Response": ["Looking at this situation, I need to evaluate what is actually being asked.\n\nThe \"Body Q361?\" question appears to be incomplete or malformed - there's no actual math problem provided, just a cryptic identifier. Agent 7cJy correctly identified that this appears to be either:\n1. A malformed or incomplete question\n2. A question requiring additional context that wasn't provided\n\nThe hint states \"The answer is near to\" but doesn't provide any specific number or range to work with.\n\nWithout a complete question or sufficient information to solve, I cannot derive a mathematical answer. This follows the pattern identified by Agent 7cJy - when the problem itself is unclear or incomplete, no meaningful calculation can be performed.\n\nThe answer is 0"], "Attempt answer": "0", "Solved": false, "Total solved": 0, "Total executed": 3, "Accuracy": 0.0}
Batch time 37.020
Accuracy: 0.0
utilities: [False]
Cost 0.0
PromptTokens 4893.0
CompletionTokens 1005.0
